// Bun Snapshot v1, https://goo.gl/fbAQLP

exports[`2023/10 Part 1 input (sample) 1`] = `4`;

exports[`2023/10 Part 1 input (sample2) 1`] = `8`;

exports[`2023/10 Part 1 input (sample3) 1`] = `23`;

exports[`2023/10 Part 1 input (sample4) 1`] = `70`;

exports[`2023/10 Part 1 input (sample5) 1`] = `80`;

exports[`2023/10 Part 1 input (89b1t25eqs1q1) 1`] = `6886`;
