// Bun Snapshot v1, https://goo.gl/fbAQLP

exports[`2023/10 Part 2 input (sample) 1`] = `1`;

exports[`2023/10 Part 2 input (sample2) 1`] = `1`;

exports[`2023/10 Part 2 input (sample3) 1`] = `4`;

exports[`2023/10 Part 2 input (sample4) 1`] = `8`;

exports[`2023/10 Part 2 input (sample5) 1`] = `10`;

exports[`2023/10 Part 2 input (89b1t25eqs1q1) 1`] = `371`;
